
[0;34m━━━━━━━━━━━━━━━━━━━━━━━━━━━━━━━━━━━━━━━━━━━━━━━━━━━━━━━[0m
[0;34m  Phase 0 · 服務健康檢查[0m
[0;34m━━━━━━━━━━━━━━━━━━━━━━━━━━━━━━━━━━━━━━━━━━━━━━━━━━━━━━━[0m
BASE_URL = http://localhost:8080
[0;32m✓ 服務有回應 (HTTP 403)[0m

[0;34m━━━━━━━━━━━━━━━━━━━━━━━━━━━━━━━━━━━━━━━━━━━━━━━━━━━━━━━[0m
[0;34m  Phase 1 · 登入取得 JWT[0m
[0;34m━━━━━━━━━━━━━━━━━━━━━━━━━━━━━━━━━━━━━━━━━━━━━━━━━━━━━━━[0m
  [0;32m✓[0m 一般使用者登入成功 (HTTP 200)
  [0;32m✓[0m 審核者登入成功 (HTTP 200)

[0;34m━━━━━━━━━━━━━━━━━━━━━━━━━━━━━━━━━━━━━━━━━━━━━━━━━━━━━━━[0m
[0;34m  4.1 · 預約功能 + 衝突檢查[0m
[0;34m━━━━━━━━━━━━━━━━━━━━━━━━━━━━━━━━━━━━━━━━━━━━━━━━━━━━━━━[0m
  [0;32m✓ PASS[0m | RESERVE_OK                          (HTTP 200)
    → 新建預約 id = 13
  [0;32m✓ PASS[0m | RESERVE_EXACT_CONFLICT              (HTTP 400)
  [0;32m✓ PASS[0m | RESERVE_OVERLAP_CONFLICT            (HTTP 400)
  [0;32m✓ PASS[0m | RESERVE_CONTAIN_CONFLICT            (HTTP 400)
  [0;32m✓ PASS[0m | RESERVE_ADJACENT_OK                 (HTTP 200)
  [0;32m✓ PASS[0m | RESERVE_OVER_CAPACITY               (HTTP 400)
  [0;32m✓ PASS[0m | RESERVE_INVALID_TIME                (HTTP 400)
  [0;32m✓ PASS[0m | RESERVE_NO_TOKEN                    (HTTP 403)

[0;34m━━━━━━━━━━━━━━━━━━━━━━━━━━━━━━━━━━━━━━━━━━━━━━━━━━━━━━━[0m
[0;34m  4.2 · 退回機制 + 權限[0m
[0;34m━━━━━━━━━━━━━━━━━━━━━━━━━━━━━━━━━━━━━━━━━━━━━━━━━━━━━━━[0m
  [0;32m✓ PASS[0m | RETURN_REQUEST                      (HTTP 200)
  [0;32m✓ PASS[0m | RETURN_STATUS_PROCESSING            (body contains 'PROCESSING\|processing')
  [0;32m✓ PASS[0m | REVIEW_BY_USER_FORBIDDEN            (HTTP 403)
  [0;32m✓ PASS[0m | REVIEW_APPROVE                      (HTTP 200)
  [0;32m✓ PASS[0m | REVIEW_STATUS_FINAL                 (body contains 'REJECTED\|APPROVED\|rejected\|approved')

[0;34m━━━━━━━━━━━━━━━━━━━━━━━━━━━━━━━━━━━━━━━━━━━━━━━━━━━━━━━[0m
[0;34m  4.3 · 當日 approved 預約列表[0m
[0;34m━━━━━━━━━━━━━━━━━━━━━━━━━━━━━━━━━━━━━━━━━━━━━━━━━━━━━━━[0m
  [0;32m✓ PASS[0m | DAILY_LIST_HTTP                     (HTTP 200)
  [0;32m✓ PASS[0m | DAILY_RESPONSE_IS_LIST
  [33m! WARN[0m | DAILY �ѪR���ѡG[Errno 2] No such file or directory: '/tmp/mrs_test_body.1223'

[0;34m━━━━━━━━━━━━━━━━━━━━━━━━━━━━━━━━━━━━━━━━━━━━━━━━━━━━━━━[0m
[0;34m  4.4 · 月份預約分組 (PROCESSING / APPROVED / REJECTED)[0m
[0;34m━━━━━━━━━━━━━━━━━━━━━━━━━━━━━━━━━━━━━━━━━━━━━━━━━━━━━━━[0m
  [0;32m✓ PASS[0m | MONTHLY_HTTP                        (HTTP 200)
  [0;32m✓ PASS[0m | MONTHLY_HAS_APPROVED                (body contains 'APPROVED\|approved')
  [0;32m✓ PASS[0m | MONTHLY_HAS_PROCESSING              (body contains 'PROCESSING\|processing')
  [0;32m✓ PASS[0m | MONTHLY_HAS_REJECTED                (body contains 'REJECTED\|rejected')

[0;34m━━━━━━━━━━━━━━━━━━━━━━━━━━━━━━━━━━━━━━━━━━━━━━━━━━━━━━━[0m
[0;34m  Test結果摘要[0m
[0;34m━━━━━━━━━━━━━━━━━━━━━━━━━━━━━━━━━━━━━━━━━━━━━━━━━━━━━━━[0m
  [0;32mPASS: 19[0m
  [0;31mFAIL: 0[0m
  總計: 19
[0;32m✓ 全部通過[0m
